Microsoft (R) Macro Assembler Version 6.11		    03/29/22 12:21:28
20.asm							     Page 1 - 1


				assume cs:codesg

 0000				codesg segment

 0000  0123 0456 0789		    dw 0123h, 0456h, 0789h, 0abch, 0defh, 0fedh, 0cbah, 0987h
       0ABC 0DEF 0FED
       0CBA 0987

 0010  0000 0000 0000		    dw 0, 0, 0, 0, 0, 0, 0, 0, 0, 0
       0000 0000 0000
       0000 0000 0000
       0000

 0024  8C C8			start:  mov ax, cs
 0026  8E D0			        mov ss, ax
 0028  BC 0024			        mov sp, 36

 002B  B8 0000			        mov ax, 0
 002E  8E D8			        mov ds, ax
 0030  BB 0000			        mov bx, 0
 0033  B9 0008			        mov cx, 8

 0036  FF 37			    s:  push [bx]
 0038  2E: 8F 07		        pop cs:[bx]
 003B  83 C3 02			        add bx, 2
 003E  E2 F6			        loop s

 0040  B8 4C00			        mov ax, 4c00H
 0043  CD 21			        int 21h

 0045				codesg ends

				end start
Microsoft (R) Macro Assembler Version 6.11		    03/29/22 12:21:28
20.asm							     Symbols 2 - 1




Segments and Groups:

                N a m e                 Size     Length   Align   Combine Class

codesg . . . . . . . . . . . . .	16 Bit	 0045	  Para	  Private 


Symbols:

                N a m e                 Type     Value    Attr

start  . . . . . . . . . . . . .	L Near	 0024	  codesg	
s  . . . . . . . . . . . . . . .	L Near	 0036	  codesg	

	   0 Warnings
	   0 Errors
