Microsoft (R) Macro Assembler Version 6.11		    04/03/22 22:39:25
27.asm							     Page 1 - 1


				assume cs:code

 0000				a segment
 0000  0001 0002 0003		  dw 1, 2, 3, 4, 5, 6, 7, 8, 9, 0ah, 0bh, 0ch, 0dh, 0eh, 0fh, 0ffh
       0004 0005 0006
       0007 0008 0009
       000A 000B 000C
       000D 000E 000F
       00FF
 0020				a ends

 0000				b segment
 0000  0000 0000 0000		  dw 0, 0, 0, 0, 0, 0, 0, 0
       0000 0000 0000
       0000 0000
 0010				b ends

 0000				code segment
 0000  BB 000E			  start:mov bx, 14
 0003  B9 0008			        mov cx, 8
				  		  
 0006  B8 ---- R		        mov ax, b
 0009  8E D8			        mov ds, ax

 000B  B8 ---- R		        mov ax, a
 000E  8E D0			        mov ss, ax
 0010  BC 0000			        mov sp, 0

 0013  8F 07			      s:pop ds:[bx]
 0015  83 EB 02			        sub bx, 2
 0018  E2 F9			        loop s
				        
 001A  B8 4C00			        mov ax, 4c00h
 001D  CD 21			        int 21h
				        
 001F				code ends

				end start
Microsoft (R) Macro Assembler Version 6.11		    04/03/22 22:39:25
27.asm							     Symbols 2 - 1




Segments and Groups:

                N a m e                 Size     Length   Align   Combine Class

a  . . . . . . . . . . . . . . .	16 Bit	 0020	  Para	  Private 
b  . . . . . . . . . . . . . . .	16 Bit	 0010	  Para	  Private 
code . . . . . . . . . . . . . .	16 Bit	 001F	  Para	  Private 


Symbols:

                N a m e                 Type     Value    Attr

start  . . . . . . . . . . . . .	L Near	 0000	  code	
s  . . . . . . . . . . . . . . .	L Near	 0013	  code	

	   0 Warnings
	   0 Errors
